[1/5] 원본 내려받기
  [skip] n6_1831 이미 있음
  [skip] dpa 이미 있음
  [skip] n6_1821 이미 있음
  [skip] palmitoleic 이미 있음
  [skip] n6_2031 이미 있음
[2/5] inputs_manifest.csv 갱신
  5개 행 갱신
[3/5] 포맷 변환 (5개, 각 10분 내외)
  OK dpa          [giant     ] 2,409,656행 변환 / 193,113행 제외 -> dpa.tsv.gz
  OK n6_1821      [giant     ] 2,548,109행 변환 / 239,929행 제외 -> n6_1821.tsv.gz
  OK n6_1831      [giant     ] 2,537,241행 변환 / 237,922행 제외 -> n6_1831.tsv.gz
  OK n6_2031      [giant     ] 2,537,375행 변환 / 237,932행 제외 -> n6_2031.tsv.gz
  OK palmitoleic  [giant     ] 2,447,083행 변환 / 226,840행 제외 -> palmitoleic.tsv.gz

5개 파일 처리
[4/5] manifest.xlsx 에 5행 추가
  5행 추가 -> trait_gwas 총 40행
[5/5] 점검
==================================================================
매니페스트 행 41개  (trait_gwas 40개 — 기대값 47)
  통과            41
  파일 없음       0
  컬럼 문제       0
  sample_size 없음 0
==================================================================

→ 준비 완료.

------------------------------------------------------------------
다음 단계
형질이 늘었으므로 z 행렬이 바뀝니다. 4절부터 다시 돌려야 합니다.
변이 목록(pruned_vars)은 그대로이므로 2~3절은 다시 안 돌려도 됩니다.

  R
  > load("my_workspace_udler2018_eur_v1.RData")
  > # 매니페스트를 다시 읽어 trait_ss_files / trait_ss_size 를 갱신한 뒤
  > # 4절(fetch_summary_stats)부터 순서대로 재실행

이전 결과와 섞이지 않게 version 값을 바꾸는 것을 권합니다
(예: version <- "udler2018_eur_v2").
------------------------------------------------------------------
