  chr1.txt  누적 2,994,883
  chr10.txt  누적 4,887,253
  chr11.txt  누적 6,786,058
  chr12.txt  누적 8,591,100
  chr13.txt  누적 9,930,029
  chr14.txt  누적 11,163,769
  chr15.txt  누적 12,293,648
  chr16.txt  누적 13,580,917
  chr17.txt  누적 14,653,545
  chr18.txt  누적 15,723,128
  chr19.txt  누적 16,610,754
  chr2.txt  누적 19,845,150
  chr20.txt  누적 20,689,528
  chr21.txt  누적 21,216,208
  chr22.txt  누적 21,745,958
  chr3.txt  누적 24,445,508
  chr4.txt  누적 27,158,045
  chr5.txt  누적 29,590,856
  chr6.txt  누적 31,988,065
  chr7.txt  누적 34,222,213
  chr8.txt  누적 36,409,139
  chr9.txt  누적 38,094,512
색인 생성 중...
완료: 38,094,512행, 140s, 2.12 GB
